// Jest Snapshot v1, https://goo.gl/fbAQLP

exports[`Mutation.leaveWaitlist should be idempotent 1`] = `
{
  "body": {
    "kind": "single",
    "singleResult": {
      "data": {
        "leaveWaitlist": {
          "message": "mutation.leaveWaitlist.message",
          "success": true,
        },
      },
      "errors": undefined,
    },
  },
  "http": {
    "headers": Map {
      "cache-control" => "no-store",
    },
    "status": undefined,
  },
}
`;

exports[`Mutation.leaveWaitlist should remove user from the waitlist 1`] = `
{
  "body": {
    "kind": "single",
    "singleResult": {
      "data": {
        "leaveWaitlist": {
          "message": "mutation.leaveWaitlist.message",
          "success": true,
        },
      },
      "errors": undefined,
    },
  },
  "http": {
    "headers": Map {
      "cache-control" => "no-store",
    },
    "status": undefined,
  },
}
`;
